10:48:02 **** Build of configuration Debug for project plants ****
make -j7 all 
arm-none-eabi-gcc "../Drivers/STM32WLxx_HAL_Driver/Src/stm32wlxx_hal.c" -mcpu=cortex-m4 -std=gnu11 -g3 -DDEBUG -DCORE_CM4 -DUSE_HAL_DRIVER -DSTM32WLE5xx -c -I../Core/Inc -I../Drivers/STM32WLxx_HAL_Driver/Inc -I../Drivers/STM32WLxx_HAL_Driver/Inc/Legacy -I../Drivers/CMSIS/Device/ST/STM32WLxx/Include -I../Drivers/CMSIS/Include -O0 -ffunction-sections -fdata-sections -Wall -fstack-usage -fcyclomatic-complexity -MMD -MP -MF"Drivers/STM32WLxx_HAL_Driver/Src/stm32wlxx_hal.d" -MT"Drivers/STM32WLxx_HAL_Driver/Src/stm32wlxx_hal.o" --specs=nano.specs -mfloat-abi=soft -mthumb -o "Drivers/STM32WLxx_HAL_Driver/Src/stm32wlxx_hal.o"
arm-none-eabi-gcc "../Drivers/STM32WLxx_HAL_Driver/Src/stm32wlxx_hal_cortex.c" -mcpu=cortex-m4 -std=gnu11 -g3 -DDEBUG -DCORE_CM4 -DUSE_HAL_DRIVER -DSTM32WLE5xx -c -I../Core/Inc -I../Drivers/STM32WLxx_HAL_Driver/Inc -I../Drivers/STM32WLxx_HAL_Driver/Inc/Legacy -I../Drivers/CMSIS/Device/ST/STM32WLxx/Include -I../Drivers/CMSIS/Include -O0 -ffunction-sections -fdata-sections -Wall -fstack-usage -fcyclomatic-complexity -MMD -MP -MF"Drivers/STM32WLxx_HAL_Driver/Src/stm32wlxx_hal_cortex.d" -MT"Drivers/STM32WLxx_HAL_Driver/Src/stm32wlxx_hal_cortex.o" --specs=nano.specs -mfloat-abi=soft -mthumb -o "Drivers/STM32WLxx_HAL_Driver/Src/stm32wlxx_hal_cortex.o"
arm-none-eabi-gcc "../Drivers/STM32WLxx_HAL_Driver/Src/stm32wlxx_hal_dma.c" -mcpu=cortex-m4 -std=gnu11 -g3 -DDEBUG -DCORE_CM4 -DUSE_HAL_DRIVER -DSTM32WLE5xx -c -I../Core/Inc -I../Drivers/STM32WLxx_HAL_Driver/Inc -I../Drivers/STM32WLxx_HAL_Driver/Inc/Legacy -I../Drivers/CMSIS/Device/ST/STM32WLxx/Include -I../Drivers/CMSIS/Include -O0 -ffunction-sections -fdata-sections -Wall -fstack-usage -fcyclomatic-complexity -MMD -MP -MF"Drivers/STM32WLxx_HAL_Driver/Src/stm32wlxx_hal_dma.d" -MT"Drivers/STM32WLxx_HAL_Driver/Src/stm32wlxx_hal_dma.o" --specs=nano.specs -mfloat-abi=soft -mthumb -o "Drivers/STM32WLxx_HAL_Driver/Src/stm32wlxx_hal_dma.o"
arm-none-eabi-gcc "../Drivers/STM32WLxx_HAL_Driver/Src/stm32wlxx_hal_dma_ex.c" -mcpu=cortex-m4 -std=gnu11 -g3 -DDEBUG -DCORE_CM4 -DUSE_HAL_DRIVER -DSTM32WLE5xx -c -I../Core/Inc -I../Drivers/STM32WLxx_HAL_Driver/Inc -I../Drivers/STM32WLxx_HAL_Driver/Inc/Legacy -I../Drivers/CMSIS/Device/ST/STM32WLxx/Include -I../Drivers/CMSIS/Include -O0 -ffunction-sections -fdata-sections -Wall -fstack-usage -fcyclomatic-complexity -MMD -MP -MF"Drivers/STM32WLxx_HAL_Driver/Src/stm32wlxx_hal_dma_ex.d" -MT"Drivers/STM32WLxx_HAL_Driver/Src/stm32wlxx_hal_dma_ex.o" --specs=nano.specs -mfloat-abi=soft -mthumb -o "Drivers/STM32WLxx_HAL_Driver/Src/stm32wlxx_hal_dma_ex.o"
arm-none-eabi-gcc "../Drivers/STM32WLxx_HAL_Driver/Src/stm32wlxx_hal_exti.c" -mcpu=cortex-m4 -std=gnu11 -g3 -DDEBUG -DCORE_CM4 -DUSE_HAL_DRIVER -DSTM32WLE5xx -c -I../Core/Inc -I../Drivers/STM32WLxx_HAL_Driver/Inc -I../Drivers/STM32WLxx_HAL_Driver/Inc/Legacy -I../Drivers/CMSIS/Device/ST/STM32WLxx/Include -I../Drivers/CMSIS/Include -O0 -ffunction-sections -fdata-sections -Wall -fstack-usage -fcyclomatic-complexity -MMD -MP -MF"Drivers/STM32WLxx_HAL_Driver/Src/stm32wlxx_hal_exti.d" -MT"Drivers/STM32WLxx_HAL_Driver/Src/stm32wlxx_hal_exti.o" --specs=nano.specs -mfloat-abi=soft -mthumb -o "Drivers/STM32WLxx_HAL_Driver/Src/stm32wlxx_hal_exti.o"
arm-none-eabi-gcc "../Drivers/STM32WLxx_HAL_Driver/Src/stm32wlxx_hal_flash.c" -mcpu=cortex-m4 -std=gnu11 -g3 -DDEBUG -DCORE_CM4 -DUSE_HAL_DRIVER -DSTM32WLE5xx -c -I../Core/Inc -I../Drivers/STM32WLxx_HAL_Driver/Inc -I../Drivers/STM32WLxx_HAL_Driver/Inc/Legacy -I../Drivers/CMSIS/Device/ST/STM32WLxx/Include -I../Drivers/CMSIS/Include -O0 -ffunction-sections -fdata-sections -Wall -fstack-usage -fcyclomatic-complexity -MMD -MP -MF"Drivers/STM32WLxx_HAL_Driver/Src/stm32wlxx_hal_flash.d" -MT"Drivers/STM32WLxx_HAL_Driver/Src/stm32wlxx_hal_flash.o" --specs=nano.specs -mfloat-abi=soft -mthumb -o "Drivers/STM32WLxx_HAL_Driver/Src/stm32wlxx_hal_flash.o"
arm-none-eabi-gcc "../Drivers/STM32WLxx_HAL_Driver/Src/stm32wlxx_hal_flash_ex.c" -mcpu=cortex-m4 -std=gnu11 -g3 -DDEBUG -DCORE_CM4 -DUSE_HAL_DRIVER -DSTM32WLE5xx -c -I../Core/Inc -I../Drivers/STM32WLxx_HAL_Driver/Inc -I../Drivers/STM32WLxx_HAL_Driver/Inc/Legacy -I../Drivers/CMSIS/Device/ST/STM32WLxx/Include -I../Drivers/CMSIS/Include -O0 -ffunction-sections -fdata-sections -Wall -fstack-usage -fcyclomatic-complexity -MMD -MP -MF"Drivers/STM32WLxx_HAL_Driver/Src/stm32wlxx_hal_flash_ex.d" -MT"Drivers/STM32WLxx_HAL_Driver/Src/stm32wlxx_hal_flash_ex.o" --specs=nano.specs -mfloat-abi=soft -mthumb -o "Drivers/STM32WLxx_HAL_Driver/Src/stm32wlxx_hal_flash_ex.o"
arm-none-eabi-gcc "../Drivers/STM32WLxx_HAL_Driver/Src/stm32wlxx_hal_gpio.c" -mcpu=cortex-m4 -std=gnu11 -g3 -DDEBUG -DCORE_CM4 -DUSE_HAL_DRIVER -DSTM32WLE5xx -c -I../Core/Inc -I../Drivers/STM32WLxx_HAL_Driver/Inc -I../Drivers/STM32WLxx_HAL_Driver/Inc/Legacy -I../Drivers/CMSIS/Device/ST/STM32WLxx/Include -I../Drivers/CMSIS/Include -O0 -ffunction-sections -fdata-sections -Wall -fstack-usage -fcyclomatic-complexity -MMD -MP -MF"Drivers/STM32WLxx_HAL_Driver/Src/stm32wlxx_hal_gpio.d" -MT"Drivers/STM32WLxx_HAL_Driver/Src/stm32wlxx_hal_gpio.o" --specs=nano.specs -mfloat-abi=soft -mthumb -o "Drivers/STM32WLxx_HAL_Driver/Src/stm32wlxx_hal_gpio.o"
arm-none-eabi-gcc "../Drivers/STM32WLxx_HAL_Driver/Src/stm32wlxx_hal_pwr.c" -mcpu=cortex-m4 -std=gnu11 -g3 -DDEBUG -DCORE_CM4 -DUSE_HAL_DRIVER -DSTM32WLE5xx -c -I../Core/Inc -I../Drivers/STM32WLxx_HAL_Driver/Inc -I../Drivers/STM32WLxx_HAL_Driver/Inc/Legacy -I../Drivers/CMSIS/Device/ST/STM32WLxx/Include -I../Drivers/CMSIS/Include -O0 -ffunction-sections -fdata-sections -Wall -fstack-usage -fcyclomatic-complexity -MMD -MP -MF"Drivers/STM32WLxx_HAL_Driver/Src/stm32wlxx_hal_pwr.d" -MT"Drivers/STM32WLxx_HAL_Driver/Src/stm32wlxx_hal_pwr.o" --specs=nano.specs -mfloat-abi=soft -mthumb -o "Drivers/STM32WLxx_HAL_Driver/Src/stm32wlxx_hal_pwr.o"
arm-none-eabi-gcc "../Drivers/STM32WLxx_HAL_Driver/Src/stm32wlxx_hal_pwr_ex.c" -mcpu=cortex-m4 -std=gnu11 -g3 -DDEBUG -DCORE_CM4 -DUSE_HAL_DRIVER -DSTM32WLE5xx -c -I../Core/Inc -I../Drivers/STM32WLxx_HAL_Driver/Inc -I../Drivers/STM32WLxx_HAL_Driver/Inc/Legacy -I../Drivers/CMSIS/Device/ST/STM32WLxx/Include -I../Drivers/CMSIS/Include -O0 -ffunction-sections -fdata-sections -Wall -fstack-usage -fcyclomatic-complexity -MMD -MP -MF"Drivers/STM32WLxx_HAL_Driver/Src/stm32wlxx_hal_pwr_ex.d" -MT"Drivers/STM32WLxx_HAL_Driver/Src/stm32wlxx_hal_pwr_ex.o" --specs=nano.specs -mfloat-abi=soft -mthumb -o "Drivers/STM32WLxx_HAL_Driver/Src/stm32wlxx_hal_pwr_ex.o"
arm-none-eabi-gcc "../Drivers/STM32WLxx_HAL_Driver/Src/stm32wlxx_hal_rcc.c" -mcpu=cortex-m4 -std=gnu11 -g3 -DDEBUG -DCORE_CM4 -DUSE_HAL_DRIVER -DSTM32WLE5xx -c -I../Core/Inc -I../Drivers/STM32WLxx_HAL_Driver/Inc -I../Drivers/STM32WLxx_HAL_Driver/Inc/Legacy -I../Drivers/CMSIS/Device/ST/STM32WLxx/Include -I../Drivers/CMSIS/Include -O0 -ffunction-sections -fdata-sections -Wall -fstack-usage -fcyclomatic-complexity -MMD -MP -MF"Drivers/STM32WLxx_HAL_Driver/Src/stm32wlxx_hal_rcc.d" -MT"Drivers/STM32WLxx_HAL_Driver/Src/stm32wlxx_hal_rcc.o" --specs=nano.specs -mfloat-abi=soft -mthumb -o "Drivers/STM32WLxx_HAL_Driver/Src/stm32wlxx_hal_rcc.o"
arm-none-eabi-gcc "../Drivers/STM32WLxx_HAL_Driver/Src/stm32wlxx_hal_rcc_ex.c" -mcpu=cortex-m4 -std=gnu11 -g3 -DDEBUG -DCORE_CM4 -DUSE_HAL_DRIVER -DSTM32WLE5xx -c -I../Core/Inc -I../Drivers/STM32WLxx_HAL_Driver/Inc -I../Drivers/STM32WLxx_HAL_Driver/Inc/Legacy -I../Drivers/CMSIS/Device/ST/STM32WLxx/Include -I../Drivers/CMSIS/Include -O0 -ffunction-sections -fdata-sections -Wall -fstack-usage -fcyclomatic-complexity -MMD -MP -MF"Drivers/STM32WLxx_HAL_Driver/Src/stm32wlxx_hal_rcc_ex.d" -MT"Drivers/STM32WLxx_HAL_Driver/Src/stm32wlxx_hal_rcc_ex.o" --specs=nano.specs -mfloat-abi=soft -mthumb -o "Drivers/STM32WLxx_HAL_Driver/Src/stm32wlxx_hal_rcc_ex.o"
arm-none-eabi-gcc -mcpu=cortex-m4 -g3 -DDEBUG -c -x assembler-with-cpp -MMD -MP -MF"Core/Startup/startup_stm32wle5jcix.d" -MT"Core/Startup/startup_stm32wle5jcix.o" --specs=nano.specs -mfloat-abi=soft -mthumb -o "Core/Startup/startup_stm32wle5jcix.o" "../Core/Startup/startup_stm32wle5jcix.s"
arm-none-eabi-gcc "../Core/Src/main.c" -mcpu=cortex-m4 -std=gnu11 -g3 -DDEBUG -DCORE_CM4 -DUSE_HAL_DRIVER -DSTM32WLE5xx -c -I../Core/Inc -I../Drivers/STM32WLxx_HAL_Driver/Inc -I../Drivers/STM32WLxx_HAL_Driver/Inc/Legacy -I../Drivers/CMSIS/Device/ST/STM32WLxx/Include -I../Drivers/CMSIS/Include -O0 -ffunction-sections -fdata-sections -Wall -fstack-usage -fcyclomatic-complexity -MMD -MP -MF"Core/Src/main.d" -MT"Core/Src/main.o" --specs=nano.specs -mfloat-abi=soft -mthumb -o "Core/Src/main.o"
arm-none-eabi-gcc "../Core/Src/stm32wlxx_hal_msp.c" -mcpu=cortex-m4 -std=gnu11 -g3 -DDEBUG -DCORE_CM4 -DUSE_HAL_DRIVER -DSTM32WLE5xx -c -I../Core/Inc -I../Drivers/STM32WLxx_HAL_Driver/Inc -I../Drivers/STM32WLxx_HAL_Driver/Inc/Legacy -I../Drivers/CMSIS/Device/ST/STM32WLxx/Include -I../Drivers/CMSIS/Include -O0 -ffunction-sections -fdata-sections -Wall -fstack-usage -fcyclomatic-complexity -MMD -MP -MF"Core/Src/stm32wlxx_hal_msp.d" -MT"Core/Src/stm32wlxx_hal_msp.o" --specs=nano.specs -mfloat-abi=soft -mthumb -o "Core/Src/stm32wlxx_hal_msp.o"
arm-none-eabi-gcc "../Core/Src/stm32wlxx_it.c" -mcpu=cortex-m4 -std=gnu11 -g3 -DDEBUG -DCORE_CM4 -DUSE_HAL_DRIVER -DSTM32WLE5xx -c -I../Core/Inc -I../Drivers/STM32WLxx_HAL_Driver/Inc -I../Drivers/STM32WLxx_HAL_Driver/Inc/Legacy -I../Drivers/CMSIS/Device/ST/STM32WLxx/Include -I../Drivers/CMSIS/Include -O0 -ffunction-sections -fdata-sections -Wall -fstack-usage -fcyclomatic-complexity -MMD -MP -MF"Core/Src/stm32wlxx_it.d" -MT"Core/Src/stm32wlxx_it.o" --specs=nano.specs -mfloat-abi=soft -mthumb -o "Core/Src/stm32wlxx_it.o"
arm-none-eabi-gcc "../Core/Src/syscalls.c" -mcpu=cortex-m4 -std=gnu11 -g3 -DDEBUG -DCORE_CM4 -DUSE_HAL_DRIVER -DSTM32WLE5xx -c -I../Core/Inc -I../Drivers/STM32WLxx_HAL_Driver/Inc -I../Drivers/STM32WLxx_HAL_Driver/Inc/Legacy -I../Drivers/CMSIS/Device/ST/STM32WLxx/Include -I../Drivers/CMSIS/Include -O0 -ffunction-sections -fdata-sections -Wall -fstack-usage -fcyclomatic-complexity -MMD -MP -MF"Core/Src/syscalls.d" -MT"Core/Src/syscalls.o" --specs=nano.specs -mfloat-abi=soft -mthumb -o "Core/Src/syscalls.o"
arm-none-eabi-gcc "../Core/Src/sysmem.c" -mcpu=cortex-m4 -std=gnu11 -g3 -DDEBUG -DCORE_CM4 -DUSE_HAL_DRIVER -DSTM32WLE5xx -c -I../Core/Inc -I../Drivers/STM32WLxx_HAL_Driver/Inc -I../Drivers/STM32WLxx_HAL_Driver/Inc/Legacy -I../Drivers/CMSIS/Device/ST/STM32WLxx/Include -I../Drivers/CMSIS/Include -O0 -ffunction-sections -fdata-sections -Wall -fstack-usage -fcyclomatic-complexity -MMD -MP -MF"Core/Src/sysmem.d" -MT"Core/Src/sysmem.o" --specs=nano.specs -mfloat-abi=soft -mthumb -o "Core/Src/sysmem.o"
arm-none-eabi-gcc "../Core/Src/system_stm32wlxx.c" -mcpu=cortex-m4 -std=gnu11 -g3 -DDEBUG -DCORE_CM4 -DUSE_HAL_DRIVER -DSTM32WLE5xx -c -I../Core/Inc -I../Drivers/STM32WLxx_HAL_Driver/Inc -I../Drivers/STM32WLxx_HAL_Driver/Inc/Legacy -I../Drivers/CMSIS/Device/ST/STM32WLxx/Include -I../Drivers/CMSIS/Include -O0 -ffunction-sections -fdata-sections -Wall -fstack-usage -fcyclomatic-complexity -MMD -MP -MF"Core/Src/system_stm32wlxx.d" -MT"Core/Src/system_stm32wlxx.o" --specs=nano.specs -mfloat-abi=soft -mthumb -o "Core/Src/system_stm32wlxx.o"
arm-none-eabi-gcc -o "plants.elf" @"objects.list"   -mcpu=cortex-m4 -T"/Users/mac8/STM32IDE/plants/STM32WLE5JCIX_FLASH.ld" --specs=nosys.specs -Wl,-Map="plants.map" -Wl,--gc-sections -static --specs=nano.specs -mfloat-abi=soft -mthumb -Wl,--start-group -lc -lm -Wl,--end-group
Finished building target: plants.elf
 
arm-none-eabi-size  plants.elf 
arm-none-eabi-objdump -h -S plants.elf  > "plants.list"
   text	   data	    bss	    dec	    hex	filename
   6144	     12	   1572	   7728	   1e30	plants.elf
Finished building: default.size.stdout
 
Finished building: plants.list
 

10:48:09 Build Finished. 0 errors, 0 warnings. (took 7s.174ms)

